
Running 3 tests using 3 workers

[1A[2K[1/3] [chromium] › tests/01-hello-map.spec.js:20:9 › Recipe 01: Hello Map › should pass automated accessibility check (axe)
[1A[2K[2/3] [chromium] › tests/01-hello-map.spec.js:6:9 › Recipe 01: Hello Map › should have accessible semantic structure
[1A[2K[3/3] [chromium] › tests/01-hello-map.spec.js:33:9 › Recipe 01: Hello Map › markers should exist and be functional
[1A[2K[2m[WebServer] [22m(node:1096) [DEP0066] DeprecationWarning: OutgoingMessage.prototype._headers is deprecated
[2m[WebServer] [22m(Use `node --trace-deprecation ...` to show where the warning was created)

[1A[2K[chromium] › tests/01-hello-map.spec.js:20:9 › Recipe 01: Hello Map › should pass automated accessibility check (axe)
Axe Violations:

[1A[2K[
  {
    "id": "landmark-one-main",
    "impact": "moderate",
    "tags": [
      "cat.semantics",
      "best-practice"
    ],
    "description": "Ensure the document has a main landmark",
    "help": "Document should have one main landmark",
    "helpUrl": "https://dequeuniversity.com/rules/axe/4.11/landmark-one-main?application=playwright",
    "nodes": [
      {
        "any": [],
        "all": [
          {
            "id": "page-has-main",
            "data": null,
            "relatedNodes": [],
            "impact": "moderate",
            "message": "Document does not have a main landmark"
          }
        ],
        "none": [],
        "impact": "moderate",
        "html": "<html lang=\"en\">",
        "target": [
          "html"
        ],
        "failureSummary": "Fix all of the following:\n  Document does not have a main landmark"
      }
    ]
  },
  {
    "id": "region",
    "impact": "moderate",
    "tags": [
      "cat.keyboard",
      "best-practice",
      "RGAAv4",
      "RGAA-9.2.1"
    ],
    "description": "Ensure all page content is contained by landmarks",
    "help": "All page content should be contained by landmarks",
    "helpUrl": "https://dequeuniversity.com/rules/axe/4.11/region?application=playwright",
    "nodes": [
      {
        "any": [
          {
            "id": "region",
            "data": {
              "isIframe": false
            },
            "relatedNodes": [],
            "impact": "moderate",
            "message": "Some page content is not contained by landmarks"
          }
        ],
        "all": [],
        "none": [],
        "impact": "moderate",
        "html": "<h1>Recipe 01: The Accessible Map Wrapper</h1>",
        "target": [
          "h1"
        ],
        "failureSummary": "Fix any of the following:\n  Some page content is not contained by landmarks"
      },
      {
        "any": [
          {
            "id": "region",
            "data": {
              "isIframe": false
            },
            "relatedNodes": [],
            "impact": "moderate",
            "message": "Some page content is not contained by landmarks"
          }
        ],
        "all": [],
        "none": [],
        "impact": "moderate",
        "html": "<p>This is the \"Hello World\" of accessible mapping. It demonstrates the minimum semantic structure required.</p>",
        "target": [
          "p"
        ],
        "failureSummary": "Fix any of the following:\n  Some page content is not contained by landmarks"
      },
      {
        "any": [
          {
            "id": "region",
            "data": {
              "isIframe": false
            },
            "relatedNodes": [],
            "impact": "moderate",
            "message": "Some page content is not contained by landmarks"
          }
        ],
        "all": [],
        "none": [],
        "impact": "moderate",
        "html": "<figure aria-labelledby=\"map-caption\">",
        "target": [
          "figure"
        ],
        "failureSummary": "Fix any of the following:\n  Some page content is not contained by landmarks"
      }
    ]
  }
]

[1A[2K  1) [chromium] › tests/01-hello-map.spec.js:20:9 › Recipe 01: Hello Map › should pass automated accessibility check (axe) 

    Error: [2mexpect([22m[31mreceived[39m[2m).[22mtoEqual[2m([22m[32mexpected[39m[2m) // deep equality[22m

    [32m- Expected  -   1[39m
    [31m+ Received  + 116[39m

    [32m- Array [][39m
    [31m+ Array [[39m
    [31m+   Object {[39m
    [31m+     "description": "Ensure the document has a main landmark",[39m
    [31m+     "help": "Document should have one main landmark",[39m
    [31m+     "helpUrl": "https://dequeuniversity.com/rules/axe/4.11/landmark-one-main?application=playwright",[39m
    [31m+     "id": "landmark-one-main",[39m
    [31m+     "impact": "moderate",[39m
    [31m+     "nodes": Array [[39m
    [31m+       Object {[39m
    [31m+         "all": Array [[39m
    [31m+           Object {[39m
    [31m+             "data": null,[39m
    [31m+             "id": "page-has-main",[39m
    [31m+             "impact": "moderate",[39m
    [31m+             "message": "Document does not have a main landmark",[39m
    [31m+             "relatedNodes": Array [],[39m
    [31m+           },[39m
    [31m+         ],[39m
    [31m+         "any": Array [],[39m
    [31m+         "failureSummary": "Fix all of the following:[39m
    [31m+   Document does not have a main landmark",[39m
    [31m+         "html": "<html lang=\"en\">",[39m
    [31m+         "impact": "moderate",[39m
    [31m+         "none": Array [],[39m
    [31m+         "target": Array [[39m
    [31m+           "html",[39m
    [31m+         ],[39m
    [31m+       },[39m
    [31m+     ],[39m
    [31m+     "tags": Array [[39m
    [31m+       "cat.semantics",[39m
    [31m+       "best-practice",[39m
    [31m+     ],[39m
    [31m+   },[39m
    [31m+   Object {[39m
    [31m+     "description": "Ensure all page content is contained by landmarks",[39m
    [31m+     "help": "All page content should be contained by landmarks",[39m
    [31m+     "helpUrl": "https://dequeuniversity.com/rules/axe/4.11/region?application=playwright",[39m
    [31m+     "id": "region",[39m
    [31m+     "impact": "moderate",[39m
    [31m+     "nodes": Array [[39m
    [31m+       Object {[39m
    [31m+         "all": Array [],[39m
    [31m+         "any": Array [[39m
    [31m+           Object {[39m
    [31m+             "data": Object {[39m
    [31m+               "isIframe": false,[39m
    [31m+             },[39m
    [31m+             "id": "region",[39m
    [31m+             "impact": "moderate",[39m
    [31m+             "message": "Some page content is not contained by landmarks",[39m
    [31m+             "relatedNodes": Array [],[39m
    [31m+           },[39m
    [31m+         ],[39m
    [31m+         "failureSummary": "Fix any of the following:[39m
    [31m+   Some page content is not contained by landmarks",[39m
    [31m+         "html": "<h1>Recipe 01: The Accessible Map Wrapper</h1>",[39m
    [31m+         "impact": "moderate",[39m
    [31m+         "none": Array [],[39m
    [31m+         "target": Array [[39m
    [31m+           "h1",[39m
    [31m+         ],[39m
    [31m+       },[39m
    [31m+       Object {[39m
    [31m+         "all": Array [],[39m
    [31m+         "any": Array [[39m
    [31m+           Object {[39m
    [31m+             "data": Object {[39m
    [31m+               "isIframe": false,[39m
    [31m+             },[39m
    [31m+             "id": "region",[39m
    [31m+             "impact": "moderate",[39m
    [31m+             "message": "Some page content is not contained by landmarks",[39m
    [31m+             "relatedNodes": Array [],[39m
    [31m+           },[39m
    [31m+         ],[39m
    [31m+         "failureSummary": "Fix any of the following:[39m
    [31m+   Some page content is not contained by landmarks",[39m
    [31m+         "html": "<p>This is the \"Hello World\" of accessible mapping. It demonstrates the minimum semantic structure required.</p>",[39m
    [31m+         "impact": "moderate",[39m
    [31m+         "none": Array [],[39m
    [31m+         "target": Array [[39m
    [31m+           "p",[39m
    [31m+         ],[39m
    [31m+       },[39m
    [31m+       Object {[39m
    [31m+         "all": Array [],[39m
    [31m+         "any": Array [[39m
    [31m+           Object {[39m
    [31m+             "data": Object {[39m
    [31m+               "isIframe": false,[39m
    [31m+             },[39m
    [31m+             "id": "region",[39m
    [31m+             "impact": "moderate",[39m
    [31m+             "message": "Some page content is not contained by landmarks",[39m
    [31m+             "relatedNodes": Array [],[39m
    [31m+           },[39m
    [31m+         ],[39m
    [31m+         "failureSummary": "Fix any of the following:[39m
    [31m+   Some page content is not contained by landmarks",[39m
    [31m+         "html": "<figure aria-labelledby=\"map-caption\">",[39m
    [31m+         "impact": "moderate",[39m
    [31m+         "none": Array [],[39m
    [31m+         "target": Array [[39m
    [31m+           "figure",[39m
    [31m+         ],[39m
    [31m+       },[39m
    [31m+     ],[39m
    [31m+     "tags": Array [[39m
    [31m+       "cat.keyboard",[39m
    [31m+       "best-practice",[39m
    [31m+       "RGAAv4",[39m
    [31m+       "RGAA-9.2.1",[39m
    [31m+     ],[39m
    [31m+   },[39m
    [31m+ ][39m

      28 |         }
      29 |
    > 30 |         expect(accessibilityScanResults.violations).toEqual([]);
         |                                                     ^
      31 |     });
      32 |
      33 |     test('markers should exist and be functional', async ({ page }) => {
        at /Users/mgifford/a11y-maps/tests/01-hello-map.spec.js:30:53

    Error Context: test-results/01-hello-map-Recipe-01-Hel-a8e96-ed-accessibility-check-axe--chromium/error-context.md


[1A[2K  1 failed
    [chromium] › tests/01-hello-map.spec.js:20:9 › Recipe 01: Hello Map › should pass automated accessibility check (axe) 
  2 passed (10.1s)
